MO four_bit_adder NULL adder.v vlg05/four__bit__adder.bin 1706699901
MO adder NULL adder.v vlg54/adder.bin 1706699901
MO six_bit_adder NULL adder.v vlg65/six__bit__adder.bin 1706699901
MO five_bit_adder NULL adder.v vlg57/five__bit__adder.bin 1706699901
MO full_adder NULL adder.v vlg5A/full__adder.bin 1706699901
