#-----------------------------------------------------------
# PlanAhead v14.7 (64-bit)
# Build 321239 by xbuild on Fri Sep 27 19:24:36 MDT 2013
# Start of session at: Mon Jan 29 13:14:58 2024
# Process ID: 32873
# Log file: /users/btech/pk/Documents/Lab2_3/comparator/planAhead_run_1/planAhead.log
# Journal file: /users/btech/pk/Documents/Lab2_3/comparator/planAhead_run_1/planAhead.jou
#-----------------------------------------------------------
start_gui
source /users/btech/pk/Documents/Lab2_3/comparator/pa.fromHdl.tcl
update_compile_order -fileset sim_1
startgroup
set_property package_pin V4 [get_ports PB1]
endgroup
startgroup
set_property package_pin H13 [get_ports PB2]
endgroup
startgroup
set_property package_pin K17 [get_ports PB3]
endgroup
startgroup
set_property package_pin D18 [get_ports PB4]
endgroup
set_property is_loc_fixed false [get_ports [list  PB4]]
set_property is_loc_fixed true [get_ports [list  PB4]]
set_property iostandard LVTTL [get_ports [list PB1]]
set_property iostandard LVTTL [get_ports [list PB2]]
set_property iostandard LVTTL [get_ports [list PB3]]
set_property iostandard LVTTL [get_ports [list PB4]]
set_property pulltype PULLDOWN [get_ports [list PB1]]
set_property pulltype PULLDOWN [get_ports [list PB2]]
set_property pulltype PULLDOWN [get_ports [list PB4]]
set_property pulltype PULLDOWN [get_ports [list PB3]]
set_property iostandard LVTTL [get_ports [list {s[3]} {s[2]} {s[1]} {s[0]}]]
set_property iostandard LVTTL [get_ports [list {l[7]} {l[6]} {l[5]} {l[4]} {l[3]} {l[2]} {l[1]} {l[0]}]]
set_property iostandard LVTTL [get_ports [list {g[7]} {g[6]} {g[5]} {g[4]} {g[3]} {g[2]} {g[1]} {g[0]}]]
set_property iostandard LVTTL [get_ports [list {e[7]} {e[6]} {e[5]} {e[4]} {e[3]} {e[2]} {e[1]} {e[0]}]]
set_property drive 8 [get_ports [list {e[7]} {e[6]} {e[5]} {e[4]} {e[3]} {e[2]} {e[1]} {e[0]}]]
set_property drive 8 [get_ports [list {g[7]} {g[6]} {g[5]} {g[4]} {g[3]} {g[2]} {g[1]} {g[0]}]]
set_property drive 8 [get_ports [list {l[7]} {l[6]} {l[5]} {l[4]} {l[3]} {l[2]} {l[1]} {l[0]}]]
set_property pulltype PULLUP [get_ports [list {l[7]} {l[6]} {l[5]} {l[4]} {l[3]} {l[2]} {l[1]} {l[0]}]]
set_property pulltype PULLUP [get_ports [list {e[7]} {e[6]} {e[5]} {e[4]} {e[3]} {e[2]} {e[1]} {e[0]}]]
set_property pulltype PULLUP [get_ports [list {g[7]} {g[6]} {g[5]} {g[4]} {g[3]} {g[2]} {g[1]} {g[0]}]]
startgroup
set_property package_pin L13 [get_ports {s[0]}]
endgroup
startgroup
set_property package_pin L14 [get_ports {s[1]}]
endgroup
startgroup
set_property package_pin H18 [get_ports {s[2]}]
endgroup
startgroup
set_property package_pin L14 [get_ports {s[1]}]
endgroup
startgroup
set_property package_pin N17 [get_ports {s[3]}]
endgroup
startgroup
set_property package_pin H18 [get_ports {s[2]}]
endgroup
set_property pulltype NONE [get_ports [list {l[7]} {l[6]} {l[5]} {l[4]} {l[3]} {l[2]} {l[1]} {l[0]}]]
set_property pulltype NONE [get_ports [list {g[7]} {g[6]} {g[5]} {g[4]} {g[3]} {g[2]} {g[1]} {g[0]}]]
set_property pulltype NONE [get_ports [list {e[7]} {e[6]} {e[5]} {e[4]} {e[3]} {e[2]} {e[1]} {e[0]}]]
set_property pulltype PULLUP [get_ports [list {s[3]}]]
set_property pulltype PULLUP [get_ports [list {s[3]} {s[2]} {s[1]} {s[0]}]]
startgroup
set_property package_pin F12 [get_ports {l[0]}]
endgroup
startgroup
set_property package_pin E12 [get_ports {g[0]}]
endgroup
startgroup
set_property package_pin E11 [get_ports {e[0]}]
endgroup
save_constraints
